// Jest Snapshot v1, https://goo.gl/fbAQLP

exports[`shared: data-core: interfaces: File should create an entity 1`] = `
IModel {
  "_formFields": Array [
    Object {
      "filterName": "_filename",
      "name": "_filename",
      "required": true,
      "title": "TITLE",
      "type": "text",
    },
    Object {
      "columnDefinition": Object {
        "width": 52,
      },
      "filterName": "_filename",
      "filterable": false,
      "name": "_filename",
      "onChange": [Function],
      "required": true,
      "title": "DOCUMENT",
      "type": "documentuploader",
    },
    Object {
      "filterName": "mimeType",
      "name": "mimeType",
      "title": "MIMETYPE",
      "type": "text",
      "visible": false,
    },
    Object {
      "filterName": "mimeType",
      "name": "mimeType",
      "title": "MIMETYPE",
      "type": "number",
      "visible": false,
    },
    Object {
      "allowCustomTag": true,
      "collectionName": "files",
      "filterName": "tags",
      "icon": "yo-flag",
      "multiple": true,
      "name": "tags",
      "subQuery": Object {
        "field": "fileRef",
        "values": "_id",
      },
      "tag": true,
      "title": "TAGS",
      "type": "autocomplete",
    },
    Object {
      "clearable": false,
      "collectionName": "groups",
      "columnDefinition": Object {
        "forceName": true,
        "name": "group",
      },
      "filterName": "group",
      "filters": Array [
        Array [
          Object {
            "field": "isRole",
            "operator": Object {
              "_id": "neq",
            },
            "value": true,
          },
          Object {
            "field": "type",
            "operator": Object {
              "_id": "nin",
            },
            "value": Array [
              "plan",
            ],
          },
        ],
      ],
      "hiddenFields": Array [
        "isRole",
        "type",
      ],
      "idOnly": true,
      "mapTransform": [Function],
      "multiple": true,
      "name": "group",
      "required": true,
      "title": "GROUPS",
      "type": "autocomplete",
    },
    Object {
      "columnDefinition": Object {
        "width": 80,
      },
      "filterName": "tags",
      "name": "tags",
      "title": "TAGS",
      "type": "toggle",
    },
  ],
  "appareance": Map {},
  "className": "File",
  "collectionName": "files",
  "feathersService": undefined,
  "fields": Array [
    "*",
  ],
  "include": Array [
    "container",
  ],
  "isCustom": undefined,
  "mappingFields": Map {},
  "searchSubquery": undefined,
  "searchableFields": Array [
    "_filename",
    "mimeType",
    "tags",
  ],
  "type": [Function],
}
`;
