// Jest Snapshot v1, https://goo.gl/fbAQLP

exports[`shared: data-core: interfaces: Backup should create an entity 1`] = `
IModel {
  "_formFields": Array [
    Object {
      "filterName": "date",
      "name": "date",
      "required": false,
      "title": "DATE",
      "type": "date",
    },
    Object {
      "clearable": true,
      "filterName": "backup",
      "name": "backup",
      "required": true,
      "title": "BACKUP",
      "type": "autocomplete",
    },
    Object {
      "clearable": true,
      "filterName": "collections",
      "multiple": true,
      "name": "collections",
      "required": false,
      "title": "COLLECTIONS",
      "type": "autocomplete",
      "values": Array [
        "missions",
        "missiondescription",
        "missiondatas",
        "user",
        "locations",
        "locationtypes",
        "missiondatas",
        "photos",
      ],
    },
  ],
  "appareance": Map {},
  "className": "Backup",
  "collectionName": undefined,
  "feathersService": undefined,
  "fields": Array [
    "*",
  ],
  "include": Array [],
  "isCustom": undefined,
  "mappingFields": Map {},
  "searchSubquery": undefined,
  "searchableFields": Array [],
  "type": [Function],
}
`;
