// Jest Snapshot v1, https://goo.gl/fbAQLP

exports[`shared: data-core: interfaces: AggregateLog should create an entity 1`] = `
IModel {
  "_formFields": Array [],
  "appareance": Map {},
  "className": "AggregateLog",
  "collectionName": "aggregateLogs",
  "feathersService": undefined,
  "fields": Array [
    "*",
  ],
  "include": Array [],
  "isCustom": undefined,
  "mappingFields": Map {},
  "searchSubquery": undefined,
  "searchableFields": Array [],
  "type": [Function],
}
`;
